// Jest Snapshot v1, https://goo.gl/fbAQLP

exports[`writes entry points to disk 1`] = `
Object {
  "background": Object {
    "service_worker": "crx-hmr-service-worker.js",
    "type": "module",
  },
  "content_scripts": Array [
    Object {
      "css": Array [
        "assets/content-89281590.css",
      ],
      "js": Array [
        "runtime-reloader--content-script.js",
        "assets/content.esm-wrapper-a8bec302.js",
      ],
      "matches": Array [
        "http://*/*",
        "https://*/*",
      ],
    },
  ],
  "description": "DEVELOPMENT build with simple auto-reloader
[6:00:00 PM] Waiting for changes...",
  "manifest_version": 3,
  "name": "Test",
  "permissions": Array [],
  "version": "1.0.0",
  "version_name": "2021-12-07T00:00:00.000Z",
  "web_accessible_resources": Array [
    Object {
      "matches": Array [
        "http://*/*",
        "https://*/*",
      ],
      "resources": Array [
        "runtime-reloader--content-script.js",
      ],
    },
    Object {
      "matches": Array [
        "http://*/*",
        "https://*/*",
      ],
      "resources": Array [
        "content.js",
      ],
    },
  ],
}
`;

exports[`writes entry points to disk: assets/content-89281590.css 1`] = `
"body {
  color: red;
}
"
`;

exports[`writes entry points to disk: content.js 1`] = `
"var styles = \\"\\";
console.log(\\"content.ts\\");
"
`;
