// Jest Snapshot v1, https://goo.gl/fbAQLP

exports[`build fs output: _00 manifest.json 1`] = `
Object {
  "content_scripts": Array [
    Object {
      "css": Array [
        "assets/content.ts.hash.css",
      ],
      "js": Array [
        "assets/content.ts-loader.hash.js",
      ],
      "matches": Array [
        "http://*/*",
        "https://*/*",
      ],
    },
  ],
  "manifest_version": 3,
  "name": "test extension",
  "version": "0.1.0",
  "web_accessible_resources": Array [
    Object {
      "matches": Array [
        "http://*/*",
        "https://*/*",
      ],
      "resources": Array [
        "assets/content.ts.hash.js",
      ],
      "use_dynamic_url": true,
    },
  ],
}
`;

exports[`build fs output: _01 output files 1`] = `
Array [
  "assets/content.ts-loader.hash.js",
  "assets/content.ts.hash.css",
  "assets/content.ts.hash.js",
  "manifest.json",
]
`;

exports[`build fs output: assets/content.ts.hash.css 1`] = `
"body {
  color: red;
}
"
`;

exports[`build fs output: assets/content.ts.hash.js 1`] = `
"var styles = \\"\\";
console.log(\\"content.ts\\");
"
`;

exports[`build fs output: assets/content.ts-loader.hash.js 1`] = `
"(function () {
  'use strict';

  (async () => {
    await import(
      /* @vite-ignore */
      chrome.runtime.getURL(\\"assets/content.ts.hash.js\\")
    );
  })().catch(console.error);

})();
"
`;
