// Jest Snapshot v1, https://goo.gl/fbAQLP

exports[`serve fs output: _00 manifest.json 1`] = `
Object {
  "background": Object {
    "service_worker": "service-worker-loader.js",
    "type": "module",
  },
  "description": "test extension",
  "manifest_version": 3,
  "name": "test extension",
  "version": "1.0.0",
  "web_accessible_resources": Array [
    Object {
      "matches": Array [
        "<all_urls>",
      ],
      "resources": Array [
        "*",
        "**/*",
      ],
      "use_dynamic_url": true,
    },
  ],
}
`;

exports[`serve fs output: _01 output files 1`] = `
Array [
  "manifest.json",
  "service-worker-loader.js",
  "src/content1.ts-loader.js",
]
`;

exports[`serve fs output: _02 optimized deps 1`] = `
Set {
  "src/background.ts",
}
`;

exports[`serve fs output: service-worker-loader.js 1`] = `
"import 'http:/localhost:3000/@vite/env';
import 'http://localhost:3000/@crx/client-worker';
import 'http://localhost:3000/src/background.ts';
"
`;

exports[`serve fs output: src/content1.ts-loader.js 1`] = `
"(function () {
  'use strict';

  (async () => {
    if (\\"\\")
      await import(
        /* @vite-ignore */
        chrome.runtime.getURL(\\"\\")
      );
    await import(
      /* @vite-ignore */
      chrome.runtime.getURL(\\"vendor/vite-client.js\\")
    );
    await import(
      /* @vite-ignore */
      chrome.runtime.getURL(\\"src/content1.ts.js\\")
    );
  })().catch(console.error);

})();
"
`;
