// Jest Snapshot v1, https://goo.gl/fbAQLP

exports[`build fs output: _00 manifest.json 1`] = `
Object {
  "content_scripts": Array [
    Object {
      "css": Array [
        "assets/import.hash.css",
        "assets/index.ts.hash.css",
      ],
      "js": Array [
        "assets/index.ts-loader.hash.js",
      ],
      "matches": Array [
        "http://*/*",
        "https://*/*",
      ],
    },
    Object {
      "css": Array [
        "assets/import.hash.css",
        "assets/index.ts.hash2.css",
      ],
      "js": Array [
        "assets/index.ts-loader.hash2.js",
      ],
      "matches": Array [
        "http://*/*",
        "https://*/*",
      ],
    },
  ],
  "manifest_version": 3,
  "name": "test extension",
  "version": "0.1.0",
  "web_accessible_resources": Array [
    Object {
      "matches": Array [
        "http://*/*",
        "https://*/*",
      ],
      "resources": Array [
        "assets/import.hash.js",
        "assets/index.ts.hash.js",
        "assets/index.ts.hash2.js",
      ],
      "use_dynamic_url": true,
    },
  ],
}
`;

exports[`build fs output: _01 output files 1`] = `
Array [
  "assets/import.hash.css",
  "assets/import.hash.js",
  "assets/index.ts-loader.hash.js",
  "assets/index.ts-loader.hash2.js",
  "assets/index.ts.hash.css",
  "assets/index.ts.hash.js",
  "assets/index.ts.hash2.css",
  "assets/index.ts.hash2.js",
  "manifest.json",
]
`;

exports[`build fs output: assets/import.hash.css 1`] = `
"h1 {
  color: green;
}
"
`;

exports[`build fs output: assets/import.hash.js 1`] = `
"var styles = \\"\\";
console.log(\\"imported file\\");
"
`;

exports[`build fs output: assets/index.ts.hash.css 1`] = `
"body {
  color: red;
}
"
`;

exports[`build fs output: assets/index.ts.hash.js 1`] = `
"import \\"./import.hash.js\\";
var styles = \\"\\";
console.log(\\"content1\\");
"
`;

exports[`build fs output: assets/index.ts.hash2.css 1`] = `
"body {
  color: blue;
}
"
`;

exports[`build fs output: assets/index.ts.hash2.js 1`] = `
"import \\"./import.hash.js\\";
var styles = \\"\\";
console.log(\\"content2\\");
"
`;

exports[`build fs output: assets/index.ts-loader.hash.js 1`] = `
"(function () {
  'use strict';

  (async () => {
    await import(
      /* @vite-ignore */
      chrome.runtime.getURL(\\"assets/index.ts.hash.js\\")
    );
  })().catch(console.error);

})();
"
`;

exports[`build fs output: assets/index.ts-loader.hash2.js 1`] = `
"(function () {
  'use strict';

  (async () => {
    await import(
      /* @vite-ignore */
      chrome.runtime.getURL(\\"assets/index.ts.hash2.js\\")
    );
  })().catch(console.error);

})();
"
`;
