// Jest Snapshot v1, https://goo.gl/fbAQLP

exports[`manifest vs output: 00 - manifest 1`] = `
Object {
  "action": Object {
    "default_popup": "popup.html",
  },
  "background": Object {
    "service_worker": "service_worker.js",
    "type": "module",
  },
  "content_scripts": Array [
    Object {
      "js": Array [
        "assets/content.esm-wrapper-a6ac6bbe.js",
      ],
      "matches": Array [
        "http://*/*",
        "https://*/*",
      ],
    },
  ],
  "description": "integration tests",
  "manifest_version": 3,
  "name": "Test",
  "permissions": Array [],
  "version": "1.0.0",
  "web_accessible_resources": Array [
    Object {
      "matches": Array [
        "http://*/*",
        "https://*/*",
      ],
      "resources": Array [
        "content.js",
      ],
    },
  ],
}
`;

exports[`manifest vs output: 01 - files from manifest 1`] = `
Object {
  "CSS": Array [],
  "HTML": Array [
    "popup.html",
  ],
  "IMAGE": Array [],
  "JSON": Array [],
  "SCRIPT_BACKGROUND": Array [
    "service_worker.js",
  ],
  "SCRIPT_DECLARED": Array [
    "assets/content.esm-wrapper-a6ac6bbe.js",
  ],
}
`;

exports[`manifest vs output: 02 - files from output 1`] = `
Array [
  "assets/content.esm-wrapper-a6ac6bbe.js",
  "content.js",
  "manifest.json",
  "popup.html",
  "popup.js",
  "service_worker.js",
  "vendor chunk",
]
`;

exports[`manifest vs output: 03 - manifest files match output 1`] = `
Object {
  "assets/content.esm-wrapper-a6ac6bbe.js": true,
  "popup.html": true,
  "service_worker.js": true,
}
`;

exports[`manifest vs output: assets/content.esm-wrapper-a6ac6bbe.js 1`] = `
"(function () {
  'use strict';

  const importPath = \\"content.js\\";

  const url = chrome.runtime.getURL(importPath);
  import(
    /* @vite-ignore */
    url
  ).catch((err) => {
    console.warn(\`Could not import \${importPath} from \${chrome.runtime.getManifest().name}\`);
    console.error(err);
  });

})();
"
`;

exports[`manifest vs output: content.js 1`] = `
"console.log(\\"content script\\");
"
`;

exports[`manifest vs output: popup.html 1`] = `
"<!DOCTYPE html><html lang=\\"en\\"><head>
    <meta charset=\\"UTF-8\\">
    <meta name=\\"viewport\\" content=\\"width=1000, initial-scale=1.0\\">
    <title>Popup Page</title>
  </head>
  <body>
    <div id=\\"root\\"></div>
    <script src=\\"popup.js\\" type=\\"module\\"></script>
  

</body></html>"
`;

exports[`manifest vs output: popup.js 1`] = `
"import { R as React, r as reactDom } from './vendor-chunk.js';

const App = () => {
  return /* @__PURE__ */ React.createElement(\\"div\\", null, /* @__PURE__ */ React.createElement(\\"h1\\", null, \\"Popup Page\\"), /* @__PURE__ */ React.createElement(\\"p\\", null, \\"If you are seeing this, React is working!\\"));
};

console.log(\\"popup script\\");
const root = document.querySelector(\\"#root\\");
reactDom.exports.render(/* @__PURE__ */ React.createElement(App, null), root);
"
`;

exports[`manifest vs output: service_worker.js 1`] = `
"console.log(\\"service_worker.ts\\");
"
`;
