// Jest Snapshot v1, https://goo.gl/fbAQLP

exports[`serve fs output: _00 manifest.json 1`] = `
Object {
  "action": Object {
    "default_icon": Object {
      "128": "icons/action-icon-128.png",
      "16": "icons/action-icon-16.png",
      "32": "icons/action-icon-32.png",
      "48": "icons/action-icon-48.png",
    },
    "default_popup": "src/popup.html",
  },
  "background": Object {
    "service_worker": "service-worker-loader.js",
    "type": "module",
  },
  "description": "Chrome Extension with a public dir",
  "icons": Object {
    "128": "icons/manifest-icon-128.png",
    "16": "icons/manifest-icon-16.png",
    "32": "icons/manifest-icon-32.png",
    "48": "icons/manifest-icon-48.png",
  },
  "manifest_version": 3,
  "name": "public dir test extension",
  "version": "1.0.0",
}
`;

exports[`serve fs output: _01 output files 1`] = `
Array [
  "assets/crx-client-port.js",
  "assets/precontroller.js.js",
  "assets/webcomponents-custom-elements-z7FmG.js",
  "favicon.svg",
  "icons/action-icon-128.png",
  "icons/action-icon-16.png",
  "icons/action-icon-32.png",
  "icons/action-icon-48.png",
  "icons/manifest-icon-128.png",
  "icons/manifest-icon-16.png",
  "icons/manifest-icon-32.png",
  "icons/manifest-icon-48.png",
  "manifest.json",
  "service-worker-loader.js",
  "src/popup.html",
  "vendor/vite-env.mjs.js",
]
`;

exports[`serve fs output: assets/crx-client-port.js 1`] = `
"function isCrxHMRPayload(x) {
  return x.type === \\"custom\\" && x.event.startsWith(\\"crx:\\");
}
class HMRPort {
  port;
  callbacks = /* @__PURE__ */ new Map();
  constructor() {
    setInterval(() => {
      try {
        this.port?.postMessage({ data: \\"ping\\" });
      } catch (error) {
        if (error instanceof Error && error.message.includes(\\"Extension context invalidated.\\")) {
          location.reload();
        } else
          throw error;
      }
    }, 5000);
    setInterval(this.initPort, 5 * 60 * 1e3);
    this.initPort();
  }
  initPort = () => {
    this.port?.disconnect();
    this.port = chrome.runtime.connect({ name: \\"@crx/client\\" });
    this.port.onDisconnect.addListener(this.handleDisconnect.bind(this));
    this.port.onMessage.addListener(this.handleMessage.bind(this));
    this.port.postMessage({ type: \\"connected\\" });
  };
  handleDisconnect = () => {
    if (this.callbacks.has(\\"close\\"))
      for (const cb of this.callbacks.get(\\"close\\")) {
        cb({ wasClean: true });
      }
  };
  handleMessage = (message) => {
    const forward = (data) => {
      if (this.callbacks.has(\\"message\\"))
        for (const cb of this.callbacks.get(\\"message\\")) {
          cb({ data });
        }
    };
    const payload = JSON.parse(message.data);
    if (isCrxHMRPayload(payload)) {
      if (payload.event === \\"crx:runtime-reload\\") {
        console.log(\\"[crx] runtime reload\\");
        setTimeout(() => location.reload(), 500);
      } else {
        forward(JSON.stringify(payload.data));
      }
    } else {
      forward(message.data);
    }
  };
  addEventListener = (event, callback) => {
    const cbs = this.callbacks.get(event) ?? /* @__PURE__ */ new Set();
    cbs.add(callback);
    this.callbacks.set(event, cbs);
  };
  send = (data) => {
    if (this.port)
      this.port.postMessage({ data });
    else
      throw new Error(\\"HMRPort is not initialized\\");
  };
}

export { HMRPort };
"
`;

exports[`serve fs output: assets/precontroller.js.js 1`] = `
"const id = setInterval(() => location.reload(), 100);
setTimeout(() => clearInterval(id), 5e3);
"
`;

exports[`serve fs output: service-worker-loader.js 1`] = `
"import 'http://localhost:3000/crx-client-worker';
"
`;

exports[`serve fs output: src/popup.html 1`] = `
"<!DOCTYPE html>
<html lang=\\"en\\">
  <head>
    <title>Waiting for the extension service worker...</title>
    <script src=\\"/assets/precontroller.js.js\\"></script>
  </head>
  <body>
    <h1>Waiting for service worker</h1>

    <p>
      If you see this message, it means the service worker has not loaded fully.
    </p>

    <p>This page is never added in production.</p>
  </body>
</html>
"
`;
