// Jest Snapshot v1, https://goo.gl/fbAQLP

exports[`writes entry points to disk: manifest.json 1`] = `
Object {
  "background": Object {
    "scripts": Array [
      "runtime-reloader--background.js",
      "background/index.esm-wrapper.js",
    ],
  },
  "browser_action": Object {
    "default_popup": "pages/popup/index.html",
  },
  "content_scripts": Array [
    Object {
      "js": Array [
        "runtime-reloader--content-script.js",
        "assets/index.esm-wrapper-697db59d.js",
      ],
      "matches": Array [
        "https://a.com/*",
        "http://b.com/*",
      ],
    },
  ],
  "content_security_policy": StringMatching /script-src 'self' http:\\\\/\\\\/localhost:\\\\d\\{4\\}; object-src 'self'/,
  "description": "DEVELOPMENT build with simple auto-reloader
[6:00:00 PM] Waiting for changes...",
  "manifest_version": 2,
  "name": "Test",
  "permissions": Array [],
  "version": "1.0.0",
  "version_name": "2021-12-07T00:00:00.000Z",
  "web_accessible_resources": Array [
    "content/index.js",
  ],
}
`;
