// Jest Snapshot v1, https://goo.gl/fbAQLP

exports[`writes entry points to disk: content.js 1`] = `
"(function () {
  'use strict';

  (function() {
    console.log(\\"content script\\");
  })();

})();
"
`;

exports[`writes entry points to disk: popup.html 1`] = `
"<!DOCTYPE html><html lang=\\"en\\"><head>
    <script type=\\"module\\" src=\\"/@vite/client\\"></script>

    <meta charset=\\"UTF-8\\">
    <meta name=\\"viewport\\" content=\\"width=1000, initial-scale=1.0\\">
    <title>Popup Page</title>
  </head>
  <body>
    <div id=\\"root\\"></div>
    <script src=\\"./popup.jsx?t=1638835200000\\" type=\\"module\\"></script>
  

</body></html>"
`;
